C:\Users\Asus\Desktop\project\ShoppingCart-master\ShoppingCart-master\src\main\java\com\dao\UserDao.java
C:\Users\Asus\Desktop\project\ShoppingCart-master\ShoppingCart-master\src\main\java\com\service\QueriesService.java
C:\Users\Asus\Desktop\project\ShoppingCart-master\ShoppingCart-master\src\main\java\com\controller\CartController.java
C:\Users\Asus\Desktop\project\ShoppingCart-master\ShoppingCart-master\src\main\java\com\model\CustomerOrder.java
C:\Users\Asus\Desktop\project\ShoppingCart-master\ShoppingCart-master\src\main\java\com\model\Queries.java
C:\Users\Asus\Desktop\project\ShoppingCart-master\ShoppingCart-master\src\main\java\com\controller\OrderController.java
C:\Users\Asus\Desktop\project\ShoppingCart-master\ShoppingCart-master\src\main\java\com\model\User.java
C:\Users\Asus\Desktop\project\ShoppingCart-master\ShoppingCart-master\src\main\java\com\service\CartItemService.java
C:\Users\Asus\Desktop\project\ShoppingCart-master\ShoppingCart-master\src\main\java\com\controller\UserController.java
C:\Users\Asus\Desktop\project\ShoppingCart-master\ShoppingCart-master\src\main\java\com\dao\CustomerOrderDao.java
C:\Users\Asus\Desktop\project\ShoppingCart-master\ShoppingCart-master\src\main\java\com\dao\CustomerDao.java
C:\Users\Asus\Desktop\project\ShoppingCart-master\ShoppingCart-master\src\main\java\com\model\Customer.java
C:\Users\Asus\Desktop\project\ShoppingCart-master\ShoppingCart-master\src\main\java\com\dao\CartDaoImpl.java
C:\Users\Asus\Desktop\project\ShoppingCart-master\ShoppingCart-master\src\main\java\com\dao\CustomerOrderDaoImpl.java
C:\Users\Asus\Desktop\project\ShoppingCart-master\ShoppingCart-master\src\main\java\com\dao\ProductDaoImpl.java
C:\Users\Asus\Desktop\project\ShoppingCart-master\ShoppingCart-master\src\main\java\com\service\CustomerServiceImpl.java
C:\Users\Asus\Desktop\project\ShoppingCart-master\ShoppingCart-master\src\main\java\com\service\ProductServiceImpl.java
C:\Users\Asus\Desktop\project\ShoppingCart-master\ShoppingCart-master\src\main\java\com\dao\QueriesDao.java
C:\Users\Asus\Desktop\project\ShoppingCart-master\ShoppingCart-master\src\main\java\com\service\CustomerOrderService.java
C:\Users\Asus\Desktop\project\ShoppingCart-master\ShoppingCart-master\src\main\java\com\model\BillingAddress.java
C:\Users\Asus\Desktop\project\ShoppingCart-master\ShoppingCart-master\src\main\java\com\model\Product.java
C:\Users\Asus\Desktop\project\ShoppingCart-master\ShoppingCart-master\src\main\java\com\dao\CartDao.java
C:\Users\Asus\Desktop\project\ShoppingCart-master\ShoppingCart-master\src\main\java\com\dao\CartItemDaoImpl.java
C:\Users\Asus\Desktop\project\ShoppingCart-master\ShoppingCart-master\src\main\java\com\service\CartServiceImpl.java
C:\Users\Asus\Desktop\project\ShoppingCart-master\ShoppingCart-master\src\main\java\com\controller\CartItemController.java
C:\Users\Asus\Desktop\project\ShoppingCart-master\ShoppingCart-master\src\main\java\com\controller\ProductController.java
C:\Users\Asus\Desktop\project\ShoppingCart-master\ShoppingCart-master\src\main\java\com\service\UserService.java
C:\Users\Asus\Desktop\project\ShoppingCart-master\ShoppingCart-master\src\main\java\com\model\Cart.java
C:\Users\Asus\Desktop\project\ShoppingCart-master\ShoppingCart-master\src\main\java\com\service\CustomerOrderServiceImpl.java
C:\Users\Asus\Desktop\project\ShoppingCart-master\ShoppingCart-master\src\main\java\com\dao\QueriesDaoImpl.java
C:\Users\Asus\Desktop\project\ShoppingCart-master\ShoppingCart-master\src\main\java\com\dao\CustomerDaoImpl.java
C:\Users\Asus\Desktop\project\ShoppingCart-master\ShoppingCart-master\src\main\java\com\controller\HomeController.java
C:\Users\Asus\Desktop\project\ShoppingCart-master\ShoppingCart-master\src\main\java\com\dao\CartItemDao.java
C:\Users\Asus\Desktop\project\ShoppingCart-master\ShoppingCart-master\src\main\java\com\service\CartItemServiceImpl.java
C:\Users\Asus\Desktop\project\ShoppingCart-master\ShoppingCart-master\src\main\java\com\model\ShippingAddress.java
C:\Users\Asus\Desktop\project\ShoppingCart-master\ShoppingCart-master\src\main\java\com\model\Authorities.java
C:\Users\Asus\Desktop\project\ShoppingCart-master\ShoppingCart-master\src\main\java\com\service\CustomerService.java
C:\Users\Asus\Desktop\project\ShoppingCart-master\ShoppingCart-master\src\main\java\com\service\ProductService.java
C:\Users\Asus\Desktop\project\ShoppingCart-master\ShoppingCart-master\src\main\java\com\service\CartService.java
C:\Users\Asus\Desktop\project\ShoppingCart-master\ShoppingCart-master\src\main\java\com\model\CartItem.java
C:\Users\Asus\Desktop\project\ShoppingCart-master\ShoppingCart-master\src\main\java\com\service\UserServiceImpl.java
C:\Users\Asus\Desktop\project\ShoppingCart-master\ShoppingCart-master\src\main\java\com\dao\ProductDao.java
C:\Users\Asus\Desktop\project\ShoppingCart-master\ShoppingCart-master\src\main\java\com\service\QueriesServiceImpl.java
C:\Users\Asus\Desktop\project\ShoppingCart-master\ShoppingCart-master\src\main\java\com\dao\UserDaoImpl.java
